WARNING: A terminally deprecated method in sun.misc.Unsafe has been called
WARNING: sun.misc.Unsafe::staticFieldBase has been called by com.google.inject.internal.aop.HiddenClassDefiner (file:/Users/idolevi/.m2/wrapper/dists/apache-maven-3.9.11/a2d47e15/lib/guice-5.1.0-classes.jar)
WARNING: Please consider reporting this to the maintainers of class com.google.inject.internal.aop.HiddenClassDefiner
WARNING: sun.misc.Unsafe::staticFieldBase will be removed in a future release
[INFO] Scanning for projects...
[INFO] 
[INFO] -----------------< io.github.MrLevi1112:auth-service >------------------
[INFO] Building auth-service 0.0.1-SNAPSHOT
[INFO]   from pom.xml
[INFO] --------------------------------[ jar ]---------------------------------
[INFO] 
[INFO] >>> spring-boot:3.5.9:run (default-cli) > test-compile @ auth-service >>>
[INFO] 
[INFO] --- resources:3.3.1:resources (default-resources) @ auth-service ---
[INFO] Copying 2 resources from src/main/resources to target/classes
[INFO] Copying 0 resource from src/main/resources to target/classes
[INFO] 
[INFO] --- compiler:3.14.1:compile (default-compile) @ auth-service ---
[INFO] Recompiling the module because of changed source code.
[INFO] Compiling 25 source files with javac [debug parameters release 25] to target/classes
[INFO] /Users/idolevi/Library/CloudStorage/OneDrive-Personal/Desktop/crash2cost/backend/auth-service/src/main/java/io/github/mrlevi1112/authservice/config/SecurityConfig.java: /Users/idolevi/Library/CloudStorage/OneDrive-Personal/Desktop/crash2cost/backend/auth-service/src/main/java/io/github/mrlevi1112/authservice/config/SecurityConfig.java uses or overrides a deprecated API.
[INFO] /Users/idolevi/Library/CloudStorage/OneDrive-Personal/Desktop/crash2cost/backend/auth-service/src/main/java/io/github/mrlevi1112/authservice/config/SecurityConfig.java: Recompile with -Xlint:deprecation for details.
[INFO] 
[INFO] --- resources:3.3.1:testResources (default-testResources) @ auth-service ---
[INFO] skip non existing resourceDirectory /Users/idolevi/Library/CloudStorage/OneDrive-Personal/Desktop/crash2cost/backend/auth-service/src/test/resources
[INFO] 
[INFO] --- compiler:3.14.1:testCompile (default-testCompile) @ auth-service ---
[INFO] Recompiling the module because of changed dependency.
[INFO] Compiling 1 source file with javac [debug parameters release 25] to target/test-classes
[INFO] 
[INFO] <<< spring-boot:3.5.9:run (default-cli) < test-compile @ auth-service <<<
[INFO] 
[INFO] 
[INFO] --- spring-boot:3.5.9:run (default-cli) @ auth-service ---
[INFO] Attaching agents: []

  .   ____          _            __ _ _
 /\\ / ___'_ __ _ _(_)_ __  __ _ \ \ \ \
( ( )\___ | '_ | '_| | '_ \/ _` | \ \ \ \
 \\/  ___)| |_)| | | | | || (_| |  ) ) ) )
  '  |____| .__|_| |_|_| |_\__, | / / / /
 =========|_|==============|___/=/_/_/_/

 :: Spring Boot ::                (v3.5.9)

2026-01-22T13:34:50.960+02:00  INFO 10785 --- [crash2cost-api] [           main] i.g.m.a.AuthServiceApplication           : Starting AuthServiceApplication using Java 25.0.1 with PID 10785 (/Users/idolevi/Library/CloudStorage/OneDrive-Personal/Desktop/crash2cost/backend/auth-service/target/classes started by idolevi in /Users/idolevi/Library/CloudStorage/OneDrive-Personal/Desktop/crash2cost/backend/auth-service)
2026-01-22T13:34:50.961+02:00 DEBUG 10785 --- [crash2cost-api] [           main] i.g.m.a.AuthServiceApplication           : Running with Spring Boot v3.5.9, Spring v6.2.15
2026-01-22T13:34:50.961+02:00  INFO 10785 --- [crash2cost-api] [           main] i.g.m.a.AuthServiceApplication           : No active profile set, falling back to 1 default profile: "default"
2026-01-22T13:34:51.164+02:00  INFO 10785 --- [crash2cost-api] [           main] .s.d.r.c.RepositoryConfigurationDelegate : Bootstrapping Spring Data MongoDB repositories in DEFAULT mode.
2026-01-22T13:34:51.182+02:00  INFO 10785 --- [crash2cost-api] [           main] .s.d.r.c.RepositoryConfigurationDelegate : Finished Spring Data repository scanning in 16 ms. Found 3 MongoDB repository interfaces.
2026-01-22T13:34:51.344+02:00  INFO 10785 --- [crash2cost-api] [           main] o.s.b.w.embedded.tomcat.TomcatWebServer  : Tomcat initialized with port 8002 (http)
2026-01-22T13:34:51.349+02:00  INFO 10785 --- [crash2cost-api] [           main] o.apache.catalina.core.StandardService   : Starting service [Tomcat]
2026-01-22T13:34:51.349+02:00  INFO 10785 --- [crash2cost-api] [           main] o.apache.catalina.core.StandardEngine    : Starting Servlet engine: [Apache Tomcat/10.1.50]
2026-01-22T13:34:51.362+02:00  INFO 10785 --- [crash2cost-api] [           main] o.a.c.c.C.[Tomcat].[localhost].[/]       : Initializing Spring embedded WebApplicationContext
2026-01-22T13:34:51.363+02:00  INFO 10785 --- [crash2cost-api] [           main] w.s.c.ServletWebServerApplicationContext : Root WebApplicationContext: initialization completed in 385 ms
2026-01-22T13:34:51.416+02:00  INFO 10785 --- [crash2cost-api] [           main] org.mongodb.driver.client                : MongoClient with metadata {"driver": {"name": "mongo-java-driver|sync|spring-boot", "version": "5.5.2"}, "os": {"type": "Darwin", "name": "Mac OS X", "architecture": "aarch64", "version": "26.2"}, "platform": "Java/Eclipse Adoptium/25.0.1+8-LTS"} created with settings MongoClientSettings{readPreference=primary, writeConcern=WriteConcern{w=null, wTimeout=null ms, journal=null}, retryWrites=true, retryReads=true, readConcern=ReadConcern{level=null}, credential=null, transportSettings=null, commandListeners=[], codecRegistry=ProvidersCodecRegistry{codecProviders=[ValueCodecProvider{}, BsonValueCodecProvider{}, DBRefCodecProvider{}, DBObjectCodecProvider{}, DocumentCodecProvider{}, CollectionCodecProvider{}, IterableCodecProvider{}, MapCodecProvider{}, GeoJsonCodecProvider{}, GridFSFileCodecProvider{}, Jsr310CodecProvider{}, JsonObjectCodecProvider{}, BsonCodecProvider{}, EnumCodecProvider{}, com.mongodb.client.model.mql.ExpressionCodecProvider@25c2a9e3, com.mongodb.Jep395RecordCodecProvider@9b23822, com.mongodb.KotlinCodecProvider@60f21960]}, loggerSettings=LoggerSettings{maxDocumentLength=1000}, clusterSettings={hosts=[localhost:27017], srvServiceName=mongodb, mode=SINGLE, requiredClusterType=UNKNOWN, requiredReplicaSetName='null', serverSelector='null', clusterListeners='[]', serverSelectionTimeout='30000 ms', localThreshold='15 ms'}, socketSettings=SocketSettings{connectTimeoutMS=10000, readTimeoutMS=0, receiveBufferSize=0, proxySettings=ProxySettings{host=null, port=null, username=null, password=null}}, heartbeatSocketSettings=SocketSettings{connectTimeoutMS=10000, readTimeoutMS=10000, receiveBufferSize=0, proxySettings=ProxySettings{host=null, port=null, username=null, password=null}}, connectionPoolSettings=ConnectionPoolSettings{maxSize=100, minSize=0, maxWaitTimeMS=120000, maxConnectionLifeTimeMS=0, maxConnectionIdleTimeMS=0, maintenanceInitialDelayMS=0, maintenanceFrequencyMS=60000, connectionPoolListeners=[], maxConnecting=2}, serverSettings=ServerSettings{heartbeatFrequencyMS=10000, minHeartbeatFrequencyMS=500, serverMonitoringMode=AUTO, serverListeners='[]', serverMonitorListeners='[]'}, sslSettings=SslSettings{enabled=false, invalidHostNameAllowed=false, context=null}, applicationName='null', compressorList=[], uuidRepresentation=JAVA_LEGACY, serverApi=null, autoEncryptionSettings=null, dnsClient=null, inetAddressResolver=null, contextProvider=null, timeoutMS=null}
2026-01-22T13:34:51.425+02:00  INFO 10785 --- [crash2cost-api] [localhost:27017] org.mongodb.driver.cluster               : Monitor thread successfully connected to server with description ServerDescription{address=localhost:27017, type=STANDALONE, cryptd=false, state=CONNECTED, ok=true, minWireVersion=0, maxWireVersion=25, maxDocumentSize=16777216, logicalSessionTimeoutMinutes=30, roundTripTimeNanos=5409167, minRoundTripTimeNanos=0}
2026-01-22T13:34:51.538+02:00 DEBUG 10785 --- [crash2cost-api] [           main] i.g.m.a.s.JwtAuthenticationFilter        : Filter 'jwtAuthenticationFilter' configured for use
2026-01-22T13:34:51.564+02:00  INFO 10785 --- [crash2cost-api] [           main] eAuthenticationProviderManagerConfigurer : Global AuthenticationManager configured with AuthenticationProvider bean with name authenticationProvider
2026-01-22T13:34:51.564+02:00  WARN 10785 --- [crash2cost-api] [           main] r$InitializeUserDetailsManagerConfigurer : Global AuthenticationManager configured with an AuthenticationProvider bean. UserDetailsService beans will not be used by Spring Security for automatically configuring username/password login. Consider removing the AuthenticationProvider bean. Alternatively, consider using the UserDetailsService in a manually instantiated DaoAuthenticationProvider. If the current configuration is intentional, to turn off this warning, increase the logging level of 'org.springframework.security.config.annotation.authentication.configuration.InitializeUserDetailsBeanManagerConfigurer' to ERROR
2026-01-22T13:34:51.707+02:00 DEBUG 10785 --- [crash2cost-api] [           main] o.s.s.web.DefaultSecurityFilterChain     : Will secure any request with filters: DisableEncodeUrlFilter, WebAsyncManagerIntegrationFilter, SecurityContextHolderFilter, HeaderWriterFilter, CorsFilter, CorsFilter, LogoutFilter, JwtAuthenticationFilter, RequestCacheAwareFilter, SecurityContextHolderAwareRequestFilter, AnonymousAuthenticationFilter, SessionManagementFilter, ExceptionTranslationFilter, AuthorizationFilter
2026-01-22T13:34:51.787+02:00  INFO 10785 --- [crash2cost-api] [           main] o.s.b.w.embedded.tomcat.TomcatWebServer  : Tomcat started on port 8002 (http) with context path '/'
2026-01-22T13:34:51.791+02:00  INFO 10785 --- [crash2cost-api] [           main] i.g.m.a.AuthServiceApplication           : Started AuthServiceApplication in 0.979 seconds (process running for 1.081)
2026-01-22T13:35:11.318+02:00  INFO 10785 --- [crash2cost-api] [nio-8002-exec-1] o.a.c.c.C.[Tomcat].[localhost].[/]       : Initializing Spring DispatcherServlet 'dispatcherServlet'
2026-01-22T13:35:11.319+02:00  INFO 10785 --- [crash2cost-api] [nio-8002-exec-1] o.s.web.servlet.DispatcherServlet        : Initializing Servlet 'dispatcherServlet'
2026-01-22T13:35:11.319+02:00  INFO 10785 --- [crash2cost-api] [nio-8002-exec-1] o.s.web.servlet.DispatcherServlet        : Completed initialization in 0 ms
2026-01-22T13:35:11.324+02:00 DEBUG 10785 --- [crash2cost-api] [nio-8002-exec-1] o.s.security.web.FilterChainProxy        : Securing POST /api/auth/login
2026-01-22T13:35:11.328+02:00 DEBUG 10785 --- [crash2cost-api] [nio-8002-exec-1] o.s.s.w.a.AnonymousAuthenticationFilter  : Set SecurityContextHolder to anonymous SecurityContext
2026-01-22T13:35:11.329+02:00 DEBUG 10785 --- [crash2cost-api] [nio-8002-exec-1] o.s.security.web.FilterChainProxy        : Secured POST /api/auth/login
2026-01-22T13:35:11.515+02:00 DEBUG 10785 --- [crash2cost-api] [nio-8002-exec-1] o.s.s.a.dao.DaoAuthenticationProvider    : Authenticated user
2026-01-22T13:35:12.605+02:00 DEBUG 10785 --- [crash2cost-api] [nio-8002-exec-2] o.s.security.web.FilterChainProxy        : Securing GET /api/images/my-images
2026-01-22T13:35:12.620+02:00 DEBUG 10785 --- [crash2cost-api] [nio-8002-exec-2] o.s.security.web.FilterChainProxy        : Secured GET /api/images/my-images
2026-01-22T13:35:12.631+02:00 DEBUG 10785 --- [crash2cost-api] [nio-8002-exec-3] o.s.security.web.FilterChainProxy        : Securing GET /api/images/my-images
2026-01-22T13:35:12.634+02:00 DEBUG 10785 --- [crash2cost-api] [nio-8002-exec-3] o.s.security.web.FilterChainProxy        : Secured GET /api/images/my-images
2026-01-22T13:35:12.753+02:00 DEBUG 10785 --- [crash2cost-api] [nio-8002-exec-4] o.s.security.web.FilterChainProxy        : Securing GET /api/images/6971f90066d92bb7d0075c51
2026-01-22T13:35:12.756+02:00 DEBUG 10785 --- [crash2cost-api] [nio-8002-exec-4] o.s.security.web.FilterChainProxy        : Secured GET /api/images/6971f90066d92bb7d0075c51
2026-01-22T13:35:12.766+02:00 DEBUG 10785 --- [crash2cost-api] [nio-8002-exec-5] o.s.security.web.FilterChainProxy        : Securing GET /api/images/6971f90066d92bb7d0075c51
2026-01-22T13:35:12.768+02:00 DEBUG 10785 --- [crash2cost-api] [nio-8002-exec-5] o.s.security.web.FilterChainProxy        : Secured GET /api/images/6971f90066d92bb7d0075c51
2026-01-22T13:35:16.108+02:00 DEBUG 10785 --- [crash2cost-api] [nio-8002-exec-6] o.s.security.web.FilterChainProxy        : Securing GET /api/images/my-images
2026-01-22T13:35:16.113+02:00 DEBUG 10785 --- [crash2cost-api] [nio-8002-exec-6] o.s.security.web.FilterChainProxy        : Secured GET /api/images/my-images
2026-01-22T13:35:16.122+02:00 DEBUG 10785 --- [crash2cost-api] [nio-8002-exec-7] o.s.security.web.FilterChainProxy        : Securing GET /api/images/my-images
2026-01-22T13:35:16.125+02:00 DEBUG 10785 --- [crash2cost-api] [nio-8002-exec-7] o.s.security.web.FilterChainProxy        : Secured GET /api/images/my-images
2026-01-22T13:35:21.161+02:00 DEBUG 10785 --- [crash2cost-api] [nio-8002-exec-8] o.s.security.web.FilterChainProxy        : Securing GET /api/images/my-images
2026-01-22T13:35:21.166+02:00 DEBUG 10785 --- [crash2cost-api] [nio-8002-exec-8] o.s.security.web.FilterChainProxy        : Secured GET /api/images/my-images
2026-01-22T13:35:21.173+02:00 DEBUG 10785 --- [crash2cost-api] [nio-8002-exec-9] o.s.security.web.FilterChainProxy        : Securing GET /api/images/my-images
2026-01-22T13:35:21.176+02:00 DEBUG 10785 --- [crash2cost-api] [nio-8002-exec-9] o.s.security.web.FilterChainProxy        : Secured GET /api/images/my-images
2026-01-22T13:35:21.193+02:00 DEBUG 10785 --- [crash2cost-api] [io-8002-exec-10] o.s.security.web.FilterChainProxy        : Securing GET /api/images/6971f90066d92bb7d0075c51
2026-01-22T13:35:21.195+02:00 DEBUG 10785 --- [crash2cost-api] [io-8002-exec-10] o.s.security.web.FilterChainProxy        : Secured GET /api/images/6971f90066d92bb7d0075c51
2026-01-22T13:35:21.200+02:00 DEBUG 10785 --- [crash2cost-api] [nio-8002-exec-1] o.s.security.web.FilterChainProxy        : Securing GET /api/images/6971f90066d92bb7d0075c51
2026-01-22T13:35:21.202+02:00 DEBUG 10785 --- [crash2cost-api] [nio-8002-exec-1] o.s.security.web.FilterChainProxy        : Secured GET /api/images/6971f90066d92bb7d0075c51
2026-01-22T13:35:56.635+02:00 DEBUG 10785 --- [crash2cost-api] [nio-8002-exec-2] o.s.security.web.FilterChainProxy        : Securing POST /api/auth/login
2026-01-22T13:35:56.635+02:00 DEBUG 10785 --- [crash2cost-api] [nio-8002-exec-2] o.s.s.w.a.AnonymousAuthenticationFilter  : Set SecurityContextHolder to anonymous SecurityContext
2026-01-22T13:35:56.635+02:00 DEBUG 10785 --- [crash2cost-api] [nio-8002-exec-2] o.s.security.web.FilterChainProxy        : Secured POST /api/auth/login
2026-01-22T13:40:47.204+02:00 DEBUG 10785 --- [crash2cost-api] [nio-8002-exec-4] o.s.security.web.FilterChainProxy        : Securing GET /api/images/my-images
2026-01-22T13:40:47.207+02:00 DEBUG 10785 --- [crash2cost-api] [nio-8002-exec-4] o.s.security.web.FilterChainProxy        : Secured GET /api/images/my-images
2026-01-22T13:40:47.212+02:00 DEBUG 10785 --- [crash2cost-api] [nio-8002-exec-5] o.s.security.web.FilterChainProxy        : Securing GET /api/images/my-images
2026-01-22T13:40:47.215+02:00 DEBUG 10785 --- [crash2cost-api] [nio-8002-exec-5] o.s.security.web.FilterChainProxy        : Secured GET /api/images/my-images
2026-01-22T13:41:11.005+02:00 DEBUG 10785 --- [crash2cost-api] [nio-8002-exec-6] o.s.security.web.FilterChainProxy        : Securing GET /api/images/my-images
2026-01-22T13:41:11.010+02:00 DEBUG 10785 --- [crash2cost-api] [nio-8002-exec-6] o.s.security.web.FilterChainProxy        : Secured GET /api/images/my-images
2026-01-22T13:41:11.015+02:00 DEBUG 10785 --- [crash2cost-api] [nio-8002-exec-7] o.s.security.web.FilterChainProxy        : Securing GET /api/images/my-images
2026-01-22T13:41:11.018+02:00 DEBUG 10785 --- [crash2cost-api] [nio-8002-exec-7] o.s.security.web.FilterChainProxy        : Secured GET /api/images/my-images
2026-01-22T13:41:11.028+02:00 DEBUG 10785 --- [crash2cost-api] [nio-8002-exec-8] o.s.security.web.FilterChainProxy        : Securing GET /api/images/6971f90066d92bb7d0075c51
2026-01-22T13:41:11.030+02:00 DEBUG 10785 --- [crash2cost-api] [nio-8002-exec-8] o.s.security.web.FilterChainProxy        : Secured GET /api/images/6971f90066d92bb7d0075c51
2026-01-22T13:41:11.039+02:00 DEBUG 10785 --- [crash2cost-api] [nio-8002-exec-9] o.s.security.web.FilterChainProxy        : Securing GET /api/images/6971f90066d92bb7d0075c51
2026-01-22T13:41:11.041+02:00 DEBUG 10785 --- [crash2cost-api] [nio-8002-exec-9] o.s.security.web.FilterChainProxy        : Secured GET /api/images/6971f90066d92bb7d0075c51
2026-01-22T13:47:14.170+02:00 DEBUG 10785 --- [crash2cost-api] [nio-8002-exec-1] o.s.security.web.FilterChainProxy        : Securing GET /api/images/my-images
2026-01-22T13:47:14.172+02:00 DEBUG 10785 --- [crash2cost-api] [nio-8002-exec-1] o.s.security.web.FilterChainProxy        : Secured GET /api/images/my-images
2026-01-22T13:47:14.176+02:00 DEBUG 10785 --- [crash2cost-api] [nio-8002-exec-2] o.s.security.web.FilterChainProxy        : Securing GET /api/images/my-images
2026-01-22T13:47:14.179+02:00 DEBUG 10785 --- [crash2cost-api] [nio-8002-exec-2] o.s.security.web.FilterChainProxy        : Secured GET /api/images/my-images
2026-01-22T13:47:14.186+02:00 DEBUG 10785 --- [crash2cost-api] [nio-8002-exec-3] o.s.security.web.FilterChainProxy        : Securing GET /api/images/6971f90066d92bb7d0075c51
2026-01-22T13:47:14.188+02:00 DEBUG 10785 --- [crash2cost-api] [nio-8002-exec-3] o.s.security.web.FilterChainProxy        : Secured GET /api/images/6971f90066d92bb7d0075c51
2026-01-22T13:47:14.194+02:00 DEBUG 10785 --- [crash2cost-api] [nio-8002-exec-4] o.s.security.web.FilterChainProxy        : Securing GET /api/images/6971f90066d92bb7d0075c51
2026-01-22T13:47:14.196+02:00 DEBUG 10785 --- [crash2cost-api] [nio-8002-exec-4] o.s.security.web.FilterChainProxy        : Secured GET /api/images/6971f90066d92bb7d0075c51
2026-01-22T13:52:41.010+02:00 DEBUG 10785 --- [crash2cost-api] [nio-8002-exec-6] o.s.security.web.FilterChainProxy        : Securing GET /api/images/6971f90066d92bb7d0075c51
2026-01-22T13:52:41.014+02:00 DEBUG 10785 --- [crash2cost-api] [nio-8002-exec-6] o.s.security.web.FilterChainProxy        : Secured GET /api/images/6971f90066d92bb7d0075c51
2026-01-22T13:52:41.021+02:00 DEBUG 10785 --- [crash2cost-api] [nio-8002-exec-7] o.s.security.web.FilterChainProxy        : Securing GET /api/images/6971f90066d92bb7d0075c51
2026-01-22T13:52:41.024+02:00 DEBUG 10785 --- [crash2cost-api] [nio-8002-exec-7] o.s.security.web.FilterChainProxy        : Secured GET /api/images/6971f90066d92bb7d0075c51
2026-01-22T13:53:36.156+02:00 DEBUG 10785 --- [crash2cost-api] [nio-8002-exec-8] o.s.security.web.FilterChainProxy        : Securing GET /api/images/my-images
2026-01-22T13:53:36.161+02:00 DEBUG 10785 --- [crash2cost-api] [nio-8002-exec-8] o.s.security.web.FilterChainProxy        : Secured GET /api/images/my-images
2026-01-22T13:53:36.168+02:00 DEBUG 10785 --- [crash2cost-api] [nio-8002-exec-9] o.s.security.web.FilterChainProxy        : Securing GET /api/images/my-images
2026-01-22T13:53:36.170+02:00 DEBUG 10785 --- [crash2cost-api] [nio-8002-exec-9] o.s.security.web.FilterChainProxy        : Secured GET /api/images/my-images
2026-01-22T13:53:46.336+02:00 DEBUG 10785 --- [crash2cost-api] [io-8002-exec-10] o.s.security.web.FilterChainProxy        : Securing GET /api/images/my-images
2026-01-22T13:53:46.340+02:00 DEBUG 10785 --- [crash2cost-api] [io-8002-exec-10] o.s.security.web.FilterChainProxy        : Secured GET /api/images/my-images
2026-01-22T13:53:46.351+02:00 DEBUG 10785 --- [crash2cost-api] [nio-8002-exec-1] o.s.security.web.FilterChainProxy        : Securing GET /api/images/my-images
2026-01-22T13:53:46.354+02:00 DEBUG 10785 --- [crash2cost-api] [nio-8002-exec-1] o.s.security.web.FilterChainProxy        : Secured GET /api/images/my-images
2026-01-22T13:53:46.369+02:00 DEBUG 10785 --- [crash2cost-api] [nio-8002-exec-2] o.s.security.web.FilterChainProxy        : Securing GET /api/images/6971f90066d92bb7d0075c51
2026-01-22T13:53:46.370+02:00 DEBUG 10785 --- [crash2cost-api] [nio-8002-exec-2] o.s.security.web.FilterChainProxy        : Secured GET /api/images/6971f90066d92bb7d0075c51
2026-01-22T13:53:46.375+02:00 DEBUG 10785 --- [crash2cost-api] [nio-8002-exec-3] o.s.security.web.FilterChainProxy        : Securing GET /api/images/6971f90066d92bb7d0075c51
2026-01-22T13:53:46.377+02:00 DEBUG 10785 --- [crash2cost-api] [nio-8002-exec-3] o.s.security.web.FilterChainProxy        : Secured GET /api/images/6971f90066d92bb7d0075c51
2026-01-22T13:54:25.564+02:00 DEBUG 10785 --- [crash2cost-api] [nio-8002-exec-4] o.s.security.web.FilterChainProxy        : Securing GET /api/images/my-images
2026-01-22T13:54:25.568+02:00 DEBUG 10785 --- [crash2cost-api] [nio-8002-exec-4] o.s.security.web.FilterChainProxy        : Secured GET /api/images/my-images
2026-01-22T13:54:25.574+02:00 DEBUG 10785 --- [crash2cost-api] [nio-8002-exec-5] o.s.security.web.FilterChainProxy        : Securing GET /api/images/my-images
2026-01-22T13:54:25.577+02:00 DEBUG 10785 --- [crash2cost-api] [nio-8002-exec-5] o.s.security.web.FilterChainProxy        : Secured GET /api/images/my-images
2026-01-22T13:54:26.774+02:00 DEBUG 10785 --- [crash2cost-api] [nio-8002-exec-6] o.s.security.web.FilterChainProxy        : Securing GET /api/images/my-images
2026-01-22T13:54:26.777+02:00 DEBUG 10785 --- [crash2cost-api] [nio-8002-exec-6] o.s.security.web.FilterChainProxy        : Secured GET /api/images/my-images
2026-01-22T13:54:26.782+02:00 DEBUG 10785 --- [crash2cost-api] [nio-8002-exec-7] o.s.security.web.FilterChainProxy        : Securing GET /api/images/my-images
2026-01-22T13:54:26.784+02:00 DEBUG 10785 --- [crash2cost-api] [nio-8002-exec-7] o.s.security.web.FilterChainProxy        : Secured GET /api/images/my-images
2026-01-22T13:54:26.807+02:00 DEBUG 10785 --- [crash2cost-api] [nio-8002-exec-8] o.s.security.web.FilterChainProxy        : Securing GET /api/images/6971f90066d92bb7d0075c51
2026-01-22T13:54:26.809+02:00 DEBUG 10785 --- [crash2cost-api] [nio-8002-exec-8] o.s.security.web.FilterChainProxy        : Secured GET /api/images/6971f90066d92bb7d0075c51
2026-01-22T13:54:26.813+02:00 DEBUG 10785 --- [crash2cost-api] [nio-8002-exec-9] o.s.security.web.FilterChainProxy        : Securing GET /api/images/6971f90066d92bb7d0075c51
2026-01-22T13:54:26.815+02:00 DEBUG 10785 --- [crash2cost-api] [nio-8002-exec-9] o.s.security.web.FilterChainProxy        : Secured GET /api/images/6971f90066d92bb7d0075c51
2026-01-22T14:00:50.173+02:00 DEBUG 10785 --- [crash2cost-api] [nio-8002-exec-1] o.s.security.web.FilterChainProxy        : Securing GET /api/images/my-images
2026-01-22T14:00:50.175+02:00 DEBUG 10785 --- [crash2cost-api] [nio-8002-exec-1] o.s.security.web.FilterChainProxy        : Secured GET /api/images/my-images
2026-01-22T14:00:50.208+02:00 DEBUG 10785 --- [crash2cost-api] [nio-8002-exec-2] o.s.security.web.FilterChainProxy        : Securing GET /api/images/my-images
2026-01-22T14:00:50.222+02:00 DEBUG 10785 --- [crash2cost-api] [nio-8002-exec-3] o.s.security.web.FilterChainProxy        : Securing GET /api/images/6971f90066d92bb7d0075c51
2026-01-22T14:00:50.222+02:00 DEBUG 10785 --- [crash2cost-api] [nio-8002-exec-2] o.s.security.web.FilterChainProxy        : Secured GET /api/images/my-images
2026-01-22T14:00:50.243+02:00 DEBUG 10785 --- [crash2cost-api] [nio-8002-exec-3] o.s.security.web.FilterChainProxy        : Secured GET /api/images/6971f90066d92bb7d0075c51
2026-01-22T14:24:34.102+02:00 DEBUG 10785 --- [crash2cost-api] [nio-8002-exec-6] o.s.security.web.FilterChainProxy        : Securing GET /api/images/my-images
2026-01-22T14:24:34.105+02:00 DEBUG 10785 --- [crash2cost-api] [nio-8002-exec-6] o.s.security.web.FilterChainProxy        : Secured GET /api/images/my-images
2026-01-22T14:24:34.113+02:00 DEBUG 10785 --- [crash2cost-api] [nio-8002-exec-7] o.s.security.web.FilterChainProxy        : Securing GET /api/images/my-images
2026-01-22T14:24:34.115+02:00 DEBUG 10785 --- [crash2cost-api] [nio-8002-exec-7] o.s.security.web.FilterChainProxy        : Secured GET /api/images/my-images
2026-01-22T14:24:34.122+02:00 DEBUG 10785 --- [crash2cost-api] [nio-8002-exec-8] o.s.security.web.FilterChainProxy        : Securing GET /api/images/6971f90066d92bb7d0075c51
2026-01-22T14:24:34.124+02:00 DEBUG 10785 --- [crash2cost-api] [nio-8002-exec-8] o.s.security.web.FilterChainProxy        : Secured GET /api/images/6971f90066d92bb7d0075c51
2026-01-22T14:24:34.131+02:00 DEBUG 10785 --- [crash2cost-api] [nio-8002-exec-9] o.s.security.web.FilterChainProxy        : Securing GET /api/images/6971f90066d92bb7d0075c51
2026-01-22T14:24:34.133+02:00 DEBUG 10785 --- [crash2cost-api] [nio-8002-exec-9] o.s.security.web.FilterChainProxy        : Secured GET /api/images/6971f90066d92bb7d0075c51
2026-01-22T15:24:03.866+02:00 DEBUG 10785 --- [crash2cost-api] [nio-8002-exec-1] o.s.security.web.FilterChainProxy        : Securing GET /api/images/my-images
2026-01-22T15:24:03.871+02:00 DEBUG 10785 --- [crash2cost-api] [nio-8002-exec-1] o.s.s.w.a.AnonymousAuthenticationFilter  : Set SecurityContextHolder to anonymous SecurityContext
2026-01-22T15:24:03.872+02:00 DEBUG 10785 --- [crash2cost-api] [nio-8002-exec-1] o.s.s.w.a.Http403ForbiddenEntryPoint     : Pre-authenticated entry point called. Rejecting access
2026-01-22T15:24:03.875+02:00 DEBUG 10785 --- [crash2cost-api] [nio-8002-exec-1] o.s.security.web.FilterChainProxy        : Securing GET /error
2026-01-22T15:24:03.875+02:00 DEBUG 10785 --- [crash2cost-api] [nio-8002-exec-1] o.s.s.w.a.AnonymousAuthenticationFilter  : Set SecurityContextHolder to anonymous SecurityContext
2026-01-22T15:24:03.876+02:00 DEBUG 10785 --- [crash2cost-api] [nio-8002-exec-1] o.s.s.w.a.Http403ForbiddenEntryPoint     : Pre-authenticated entry point called. Rejecting access
2026-01-22T15:24:03.878+02:00 DEBUG 10785 --- [crash2cost-api] [nio-8002-exec-2] o.s.security.web.FilterChainProxy        : Securing GET /api/images/my-images
2026-01-22T15:24:03.879+02:00 DEBUG 10785 --- [crash2cost-api] [nio-8002-exec-2] o.s.s.w.a.AnonymousAuthenticationFilter  : Set SecurityContextHolder to anonymous SecurityContext
2026-01-22T15:24:03.879+02:00 DEBUG 10785 --- [crash2cost-api] [nio-8002-exec-2] o.s.s.w.a.Http403ForbiddenEntryPoint     : Pre-authenticated entry point called. Rejecting access
2026-01-22T15:24:03.879+02:00 DEBUG 10785 --- [crash2cost-api] [nio-8002-exec-2] o.s.security.web.FilterChainProxy        : Securing GET /error
2026-01-22T15:24:03.879+02:00 DEBUG 10785 --- [crash2cost-api] [nio-8002-exec-2] o.s.s.w.a.AnonymousAuthenticationFilter  : Set SecurityContextHolder to anonymous SecurityContext
2026-01-22T15:24:03.879+02:00 DEBUG 10785 --- [crash2cost-api] [nio-8002-exec-2] o.s.s.w.a.Http403ForbiddenEntryPoint     : Pre-authenticated entry point called. Rejecting access
2026-01-22T17:11:57.650+02:00 DEBUG 10785 --- [crash2cost-api] [nio-8002-exec-4] o.s.security.web.FilterChainProxy        : Securing GET /api/images/my-images
2026-01-22T17:11:57.651+02:00 DEBUG 10785 --- [crash2cost-api] [nio-8002-exec-4] o.s.s.w.a.AnonymousAuthenticationFilter  : Set SecurityContextHolder to anonymous SecurityContext
2026-01-22T17:11:57.651+02:00 DEBUG 10785 --- [crash2cost-api] [nio-8002-exec-4] o.s.s.w.a.Http403ForbiddenEntryPoint     : Pre-authenticated entry point called. Rejecting access
2026-01-22T17:11:57.651+02:00 DEBUG 10785 --- [crash2cost-api] [nio-8002-exec-4] o.s.security.web.FilterChainProxy        : Securing GET /error
2026-01-22T17:11:57.651+02:00 DEBUG 10785 --- [crash2cost-api] [nio-8002-exec-4] o.s.s.w.a.AnonymousAuthenticationFilter  : Set SecurityContextHolder to anonymous SecurityContext
2026-01-22T17:11:57.651+02:00 DEBUG 10785 --- [crash2cost-api] [nio-8002-exec-4] o.s.s.w.a.Http403ForbiddenEntryPoint     : Pre-authenticated entry point called. Rejecting access
2026-01-22T17:11:57.654+02:00 DEBUG 10785 --- [crash2cost-api] [nio-8002-exec-5] o.s.security.web.FilterChainProxy        : Securing GET /api/images/my-images
2026-01-22T17:11:57.654+02:00 DEBUG 10785 --- [crash2cost-api] [nio-8002-exec-5] o.s.s.w.a.AnonymousAuthenticationFilter  : Set SecurityContextHolder to anonymous SecurityContext
2026-01-22T17:11:57.654+02:00 DEBUG 10785 --- [crash2cost-api] [nio-8002-exec-5] o.s.s.w.a.Http403ForbiddenEntryPoint     : Pre-authenticated entry point called. Rejecting access
2026-01-22T17:11:57.655+02:00 DEBUG 10785 --- [crash2cost-api] [nio-8002-exec-5] o.s.security.web.FilterChainProxy        : Securing GET /error
2026-01-22T17:11:57.655+02:00 DEBUG 10785 --- [crash2cost-api] [nio-8002-exec-5] o.s.s.w.a.AnonymousAuthenticationFilter  : Set SecurityContextHolder to anonymous SecurityContext
2026-01-22T17:11:57.655+02:00 DEBUG 10785 --- [crash2cost-api] [nio-8002-exec-5] o.s.s.w.a.Http403ForbiddenEntryPoint     : Pre-authenticated entry point called. Rejecting access
2026-01-22T18:04:28.675+02:00 DEBUG 10785 --- [crash2cost-api] [nio-8002-exec-7] o.s.security.web.FilterChainProxy        : Securing GET /api/images/my-images
2026-01-22T18:04:28.677+02:00 DEBUG 10785 --- [crash2cost-api] [nio-8002-exec-7] o.s.s.w.a.AnonymousAuthenticationFilter  : Set SecurityContextHolder to anonymous SecurityContext
2026-01-22T18:04:28.677+02:00 DEBUG 10785 --- [crash2cost-api] [nio-8002-exec-7] o.s.s.w.a.Http403ForbiddenEntryPoint     : Pre-authenticated entry point called. Rejecting access
2026-01-22T18:04:28.678+02:00 DEBUG 10785 --- [crash2cost-api] [nio-8002-exec-7] o.s.security.web.FilterChainProxy        : Securing GET /error
2026-01-22T18:04:28.678+02:00 DEBUG 10785 --- [crash2cost-api] [nio-8002-exec-7] o.s.s.w.a.AnonymousAuthenticationFilter  : Set SecurityContextHolder to anonymous SecurityContext
2026-01-22T18:04:28.678+02:00 DEBUG 10785 --- [crash2cost-api] [nio-8002-exec-7] o.s.s.w.a.Http403ForbiddenEntryPoint     : Pre-authenticated entry point called. Rejecting access
2026-01-22T18:04:28.680+02:00 DEBUG 10785 --- [crash2cost-api] [nio-8002-exec-8] o.s.security.web.FilterChainProxy        : Securing GET /api/images/my-images
2026-01-22T18:04:28.680+02:00 DEBUG 10785 --- [crash2cost-api] [nio-8002-exec-8] o.s.s.w.a.AnonymousAuthenticationFilter  : Set SecurityContextHolder to anonymous SecurityContext
2026-01-22T18:04:28.681+02:00 DEBUG 10785 --- [crash2cost-api] [nio-8002-exec-8] o.s.s.w.a.Http403ForbiddenEntryPoint     : Pre-authenticated entry point called. Rejecting access
2026-01-22T18:04:28.681+02:00 DEBUG 10785 --- [crash2cost-api] [nio-8002-exec-8] o.s.security.web.FilterChainProxy        : Securing GET /error
2026-01-22T18:04:28.681+02:00 DEBUG 10785 --- [crash2cost-api] [nio-8002-exec-8] o.s.s.w.a.AnonymousAuthenticationFilter  : Set SecurityContextHolder to anonymous SecurityContext
2026-01-22T18:04:28.681+02:00 DEBUG 10785 --- [crash2cost-api] [nio-8002-exec-8] o.s.s.w.a.Http403ForbiddenEntryPoint     : Pre-authenticated entry point called. Rejecting access
2026-01-22T18:06:57.492+02:00 DEBUG 10785 --- [crash2cost-api] [io-8002-exec-10] o.s.security.web.FilterChainProxy        : Securing GET /api/images/my-images
2026-01-22T18:06:57.494+02:00 DEBUG 10785 --- [crash2cost-api] [io-8002-exec-10] o.s.s.w.a.AnonymousAuthenticationFilter  : Set SecurityContextHolder to anonymous SecurityContext
2026-01-22T18:06:57.494+02:00 DEBUG 10785 --- [crash2cost-api] [io-8002-exec-10] o.s.s.w.a.Http403ForbiddenEntryPoint     : Pre-authenticated entry point called. Rejecting access
2026-01-22T18:06:57.494+02:00 DEBUG 10785 --- [crash2cost-api] [io-8002-exec-10] o.s.security.web.FilterChainProxy        : Securing GET /error
2026-01-22T18:06:57.494+02:00 DEBUG 10785 --- [crash2cost-api] [io-8002-exec-10] o.s.s.w.a.AnonymousAuthenticationFilter  : Set SecurityContextHolder to anonymous SecurityContext
2026-01-22T18:06:57.494+02:00 DEBUG 10785 --- [crash2cost-api] [io-8002-exec-10] o.s.s.w.a.Http403ForbiddenEntryPoint     : Pre-authenticated entry point called. Rejecting access
2026-01-22T18:06:57.497+02:00 DEBUG 10785 --- [crash2cost-api] [nio-8002-exec-1] o.s.security.web.FilterChainProxy        : Securing GET /api/images/my-images
2026-01-22T18:06:57.497+02:00 DEBUG 10785 --- [crash2cost-api] [nio-8002-exec-1] o.s.s.w.a.AnonymousAuthenticationFilter  : Set SecurityContextHolder to anonymous SecurityContext
2026-01-22T18:06:57.497+02:00 DEBUG 10785 --- [crash2cost-api] [nio-8002-exec-1] o.s.s.w.a.Http403ForbiddenEntryPoint     : Pre-authenticated entry point called. Rejecting access
2026-01-22T18:06:57.498+02:00 DEBUG 10785 --- [crash2cost-api] [nio-8002-exec-1] o.s.security.web.FilterChainProxy        : Securing GET /error
2026-01-22T18:06:57.498+02:00 DEBUG 10785 --- [crash2cost-api] [nio-8002-exec-1] o.s.s.w.a.AnonymousAuthenticationFilter  : Set SecurityContextHolder to anonymous SecurityContext
2026-01-22T18:06:57.498+02:00 DEBUG 10785 --- [crash2cost-api] [nio-8002-exec-1] o.s.s.w.a.Http403ForbiddenEntryPoint     : Pre-authenticated entry point called. Rejecting access
2026-01-22T23:02:38.664+02:00 DEBUG 10785 --- [crash2cost-api] [nio-8002-exec-3] o.s.security.web.FilterChainProxy        : Securing GET /api/images/my-images
2026-01-22T23:02:38.665+02:00 DEBUG 10785 --- [crash2cost-api] [nio-8002-exec-3] o.s.s.w.a.AnonymousAuthenticationFilter  : Set SecurityContextHolder to anonymous SecurityContext
2026-01-22T23:02:38.665+02:00 DEBUG 10785 --- [crash2cost-api] [nio-8002-exec-3] o.s.s.w.a.Http403ForbiddenEntryPoint     : Pre-authenticated entry point called. Rejecting access
2026-01-22T23:02:38.665+02:00 DEBUG 10785 --- [crash2cost-api] [nio-8002-exec-3] o.s.security.web.FilterChainProxy        : Securing GET /error
2026-01-22T23:02:38.666+02:00 DEBUG 10785 --- [crash2cost-api] [nio-8002-exec-3] o.s.s.w.a.AnonymousAuthenticationFilter  : Set SecurityContextHolder to anonymous SecurityContext
2026-01-22T23:02:38.666+02:00 DEBUG 10785 --- [crash2cost-api] [nio-8002-exec-3] o.s.s.w.a.Http403ForbiddenEntryPoint     : Pre-authenticated entry point called. Rejecting access
2026-01-22T23:02:38.668+02:00 DEBUG 10785 --- [crash2cost-api] [nio-8002-exec-4] o.s.security.web.FilterChainProxy        : Securing GET /api/images/my-images
2026-01-22T23:02:38.669+02:00 DEBUG 10785 --- [crash2cost-api] [nio-8002-exec-4] o.s.s.w.a.AnonymousAuthenticationFilter  : Set SecurityContextHolder to anonymous SecurityContext
2026-01-22T23:02:38.669+02:00 DEBUG 10785 --- [crash2cost-api] [nio-8002-exec-4] o.s.s.w.a.Http403ForbiddenEntryPoint     : Pre-authenticated entry point called. Rejecting access
2026-01-22T23:02:38.669+02:00 DEBUG 10785 --- [crash2cost-api] [nio-8002-exec-4] o.s.security.web.FilterChainProxy        : Securing GET /error
2026-01-22T23:02:38.669+02:00 DEBUG 10785 --- [crash2cost-api] [nio-8002-exec-4] o.s.s.w.a.AnonymousAuthenticationFilter  : Set SecurityContextHolder to anonymous SecurityContext
2026-01-22T23:02:38.669+02:00 DEBUG 10785 --- [crash2cost-api] [nio-8002-exec-4] o.s.s.w.a.Http403ForbiddenEntryPoint     : Pre-authenticated entry point called. Rejecting access
2026-01-23T00:11:50.332+02:00 DEBUG 10785 --- [crash2cost-api] [nio-8002-exec-6] o.s.security.web.FilterChainProxy        : Securing GET /api/images/my-images
2026-01-23T00:11:50.333+02:00 DEBUG 10785 --- [crash2cost-api] [nio-8002-exec-6] o.s.s.w.a.AnonymousAuthenticationFilter  : Set SecurityContextHolder to anonymous SecurityContext
2026-01-23T00:11:50.333+02:00 DEBUG 10785 --- [crash2cost-api] [nio-8002-exec-6] o.s.s.w.a.Http403ForbiddenEntryPoint     : Pre-authenticated entry point called. Rejecting access
2026-01-23T00:11:50.333+02:00 DEBUG 10785 --- [crash2cost-api] [nio-8002-exec-6] o.s.security.web.FilterChainProxy        : Securing GET /error
2026-01-23T00:11:50.333+02:00 DEBUG 10785 --- [crash2cost-api] [nio-8002-exec-6] o.s.s.w.a.AnonymousAuthenticationFilter  : Set SecurityContextHolder to anonymous SecurityContext
2026-01-23T00:11:50.333+02:00 DEBUG 10785 --- [crash2cost-api] [nio-8002-exec-6] o.s.s.w.a.Http403ForbiddenEntryPoint     : Pre-authenticated entry point called. Rejecting access
2026-01-23T00:11:50.335+02:00 DEBUG 10785 --- [crash2cost-api] [nio-8002-exec-7] o.s.security.web.FilterChainProxy        : Securing GET /api/images/my-images
2026-01-23T00:11:50.336+02:00 DEBUG 10785 --- [crash2cost-api] [nio-8002-exec-7] o.s.s.w.a.AnonymousAuthenticationFilter  : Set SecurityContextHolder to anonymous SecurityContext
2026-01-23T00:11:50.336+02:00 DEBUG 10785 --- [crash2cost-api] [nio-8002-exec-7] o.s.s.w.a.Http403ForbiddenEntryPoint     : Pre-authenticated entry point called. Rejecting access
2026-01-23T00:11:50.336+02:00 DEBUG 10785 --- [crash2cost-api] [nio-8002-exec-7] o.s.security.web.FilterChainProxy        : Securing GET /error
2026-01-23T00:11:50.336+02:00 DEBUG 10785 --- [crash2cost-api] [nio-8002-exec-7] o.s.s.w.a.AnonymousAuthenticationFilter  : Set SecurityContextHolder to anonymous SecurityContext
2026-01-23T00:11:50.336+02:00 DEBUG 10785 --- [crash2cost-api] [nio-8002-exec-7] o.s.s.w.a.Http403ForbiddenEntryPoint     : Pre-authenticated entry point called. Rejecting access
2026-01-23T08:39:22.280+02:00 DEBUG 10785 --- [crash2cost-api] [nio-8002-exec-9] o.s.security.web.FilterChainProxy        : Securing GET /api/images/my-images
2026-01-23T08:39:22.281+02:00 DEBUG 10785 --- [crash2cost-api] [nio-8002-exec-9] o.s.s.w.a.AnonymousAuthenticationFilter  : Set SecurityContextHolder to anonymous SecurityContext
2026-01-23T08:39:22.281+02:00 DEBUG 10785 --- [crash2cost-api] [nio-8002-exec-9] o.s.s.w.a.Http403ForbiddenEntryPoint     : Pre-authenticated entry point called. Rejecting access
2026-01-23T08:39:22.281+02:00 DEBUG 10785 --- [crash2cost-api] [nio-8002-exec-9] o.s.security.web.FilterChainProxy        : Securing GET /error
2026-01-23T08:39:22.281+02:00 DEBUG 10785 --- [crash2cost-api] [nio-8002-exec-9] o.s.s.w.a.AnonymousAuthenticationFilter  : Set SecurityContextHolder to anonymous SecurityContext
2026-01-23T08:39:22.281+02:00 DEBUG 10785 --- [crash2cost-api] [nio-8002-exec-9] o.s.s.w.a.Http403ForbiddenEntryPoint     : Pre-authenticated entry point called. Rejecting access
2026-01-23T08:39:22.283+02:00 DEBUG 10785 --- [crash2cost-api] [io-8002-exec-10] o.s.security.web.FilterChainProxy        : Securing GET /api/images/my-images
2026-01-23T08:39:22.283+02:00 DEBUG 10785 --- [crash2cost-api] [io-8002-exec-10] o.s.s.w.a.AnonymousAuthenticationFilter  : Set SecurityContextHolder to anonymous SecurityContext
2026-01-23T08:39:22.283+02:00 DEBUG 10785 --- [crash2cost-api] [io-8002-exec-10] o.s.s.w.a.Http403ForbiddenEntryPoint     : Pre-authenticated entry point called. Rejecting access
2026-01-23T08:39:22.283+02:00 DEBUG 10785 --- [crash2cost-api] [io-8002-exec-10] o.s.security.web.FilterChainProxy        : Securing GET /error
2026-01-23T08:39:22.283+02:00 DEBUG 10785 --- [crash2cost-api] [io-8002-exec-10] o.s.s.w.a.AnonymousAuthenticationFilter  : Set SecurityContextHolder to anonymous SecurityContext
2026-01-23T08:39:22.284+02:00 DEBUG 10785 --- [crash2cost-api] [io-8002-exec-10] o.s.s.w.a.Http403ForbiddenEntryPoint     : Pre-authenticated entry point called. Rejecting access
2026-01-23T08:39:26.039+02:00 DEBUG 10785 --- [crash2cost-api] [nio-8002-exec-1] o.s.security.web.FilterChainProxy        : Securing GET /api/images/my-images
2026-01-23T08:39:26.039+02:00 DEBUG 10785 --- [crash2cost-api] [nio-8002-exec-1] o.s.s.w.a.AnonymousAuthenticationFilter  : Set SecurityContextHolder to anonymous SecurityContext
2026-01-23T08:39:26.039+02:00 DEBUG 10785 --- [crash2cost-api] [nio-8002-exec-1] o.s.s.w.a.Http403ForbiddenEntryPoint     : Pre-authenticated entry point called. Rejecting access
2026-01-23T08:39:26.040+02:00 DEBUG 10785 --- [crash2cost-api] [nio-8002-exec-1] o.s.security.web.FilterChainProxy        : Securing GET /error
2026-01-23T08:39:26.040+02:00 DEBUG 10785 --- [crash2cost-api] [nio-8002-exec-1] o.s.s.w.a.AnonymousAuthenticationFilter  : Set SecurityContextHolder to anonymous SecurityContext
2026-01-23T08:39:26.040+02:00 DEBUG 10785 --- [crash2cost-api] [nio-8002-exec-1] o.s.s.w.a.Http403ForbiddenEntryPoint     : Pre-authenticated entry point called. Rejecting access
2026-01-23T08:39:26.042+02:00 DEBUG 10785 --- [crash2cost-api] [nio-8002-exec-2] o.s.security.web.FilterChainProxy        : Securing GET /api/images/my-images
2026-01-23T08:39:26.043+02:00 DEBUG 10785 --- [crash2cost-api] [nio-8002-exec-2] o.s.s.w.a.AnonymousAuthenticationFilter  : Set SecurityContextHolder to anonymous SecurityContext
2026-01-23T08:39:26.043+02:00 DEBUG 10785 --- [crash2cost-api] [nio-8002-exec-2] o.s.s.w.a.Http403ForbiddenEntryPoint     : Pre-authenticated entry point called. Rejecting access
2026-01-23T08:39:26.043+02:00 DEBUG 10785 --- [crash2cost-api] [nio-8002-exec-2] o.s.security.web.FilterChainProxy        : Securing GET /error
2026-01-23T08:39:26.043+02:00 DEBUG 10785 --- [crash2cost-api] [nio-8002-exec-2] o.s.s.w.a.AnonymousAuthenticationFilter  : Set SecurityContextHolder to anonymous SecurityContext
2026-01-23T08:39:26.043+02:00 DEBUG 10785 --- [crash2cost-api] [nio-8002-exec-2] o.s.s.w.a.Http403ForbiddenEntryPoint     : Pre-authenticated entry point called. Rejecting access
2026-01-23T09:05:32.325+02:00 DEBUG 10785 --- [crash2cost-api] [nio-8002-exec-4] o.s.security.web.FilterChainProxy        : Securing GET /api/images/my-images
2026-01-23T09:05:32.327+02:00 DEBUG 10785 --- [crash2cost-api] [nio-8002-exec-4] o.s.s.w.a.AnonymousAuthenticationFilter  : Set SecurityContextHolder to anonymous SecurityContext
2026-01-23T09:05:32.328+02:00 DEBUG 10785 --- [crash2cost-api] [nio-8002-exec-4] o.s.s.w.a.Http403ForbiddenEntryPoint     : Pre-authenticated entry point called. Rejecting access
2026-01-23T09:05:32.328+02:00 DEBUG 10785 --- [crash2cost-api] [nio-8002-exec-4] o.s.security.web.FilterChainProxy        : Securing GET /error
2026-01-23T09:05:32.328+02:00 DEBUG 10785 --- [crash2cost-api] [nio-8002-exec-4] o.s.s.w.a.AnonymousAuthenticationFilter  : Set SecurityContextHolder to anonymous SecurityContext
2026-01-23T09:05:32.329+02:00 DEBUG 10785 --- [crash2cost-api] [nio-8002-exec-4] o.s.s.w.a.Http403ForbiddenEntryPoint     : Pre-authenticated entry point called. Rejecting access
2026-01-23T09:05:32.332+02:00 DEBUG 10785 --- [crash2cost-api] [nio-8002-exec-5] o.s.security.web.FilterChainProxy        : Securing GET /api/images/my-images
2026-01-23T09:05:32.332+02:00 DEBUG 10785 --- [crash2cost-api] [nio-8002-exec-5] o.s.s.w.a.AnonymousAuthenticationFilter  : Set SecurityContextHolder to anonymous SecurityContext
2026-01-23T09:05:32.332+02:00 DEBUG 10785 --- [crash2cost-api] [nio-8002-exec-5] o.s.s.w.a.Http403ForbiddenEntryPoint     : Pre-authenticated entry point called. Rejecting access
2026-01-23T09:05:32.333+02:00 DEBUG 10785 --- [crash2cost-api] [nio-8002-exec-5] o.s.security.web.FilterChainProxy        : Securing GET /error
2026-01-23T09:05:32.333+02:00 DEBUG 10785 --- [crash2cost-api] [nio-8002-exec-5] o.s.s.w.a.AnonymousAuthenticationFilter  : Set SecurityContextHolder to anonymous SecurityContext
2026-01-23T09:05:32.333+02:00 DEBUG 10785 --- [crash2cost-api] [nio-8002-exec-5] o.s.s.w.a.Http403ForbiddenEntryPoint     : Pre-authenticated entry point called. Rejecting access
2026-01-23T09:05:33.845+02:00 DEBUG 10785 --- [crash2cost-api] [nio-8002-exec-6] o.s.security.web.FilterChainProxy        : Securing GET /api/images/my-images
2026-01-23T09:05:33.846+02:00 DEBUG 10785 --- [crash2cost-api] [nio-8002-exec-6] o.s.s.w.a.AnonymousAuthenticationFilter  : Set SecurityContextHolder to anonymous SecurityContext
2026-01-23T09:05:33.847+02:00 DEBUG 10785 --- [crash2cost-api] [nio-8002-exec-6] o.s.s.w.a.Http403ForbiddenEntryPoint     : Pre-authenticated entry point called. Rejecting access
2026-01-23T09:05:33.849+02:00 DEBUG 10785 --- [crash2cost-api] [nio-8002-exec-6] o.s.security.web.FilterChainProxy        : Securing GET /error
2026-01-23T09:05:33.849+02:00 DEBUG 10785 --- [crash2cost-api] [nio-8002-exec-6] o.s.s.w.a.AnonymousAuthenticationFilter  : Set SecurityContextHolder to anonymous SecurityContext
2026-01-23T09:05:33.849+02:00 DEBUG 10785 --- [crash2cost-api] [nio-8002-exec-6] o.s.s.w.a.Http403ForbiddenEntryPoint     : Pre-authenticated entry point called. Rejecting access
2026-01-23T09:05:33.853+02:00 DEBUG 10785 --- [crash2cost-api] [nio-8002-exec-7] o.s.security.web.FilterChainProxy        : Securing GET /api/images/my-images
2026-01-23T09:05:33.854+02:00 DEBUG 10785 --- [crash2cost-api] [nio-8002-exec-7] o.s.s.w.a.AnonymousAuthenticationFilter  : Set SecurityContextHolder to anonymous SecurityContext
2026-01-23T09:05:33.854+02:00 DEBUG 10785 --- [crash2cost-api] [nio-8002-exec-7] o.s.s.w.a.Http403ForbiddenEntryPoint     : Pre-authenticated entry point called. Rejecting access
2026-01-23T09:05:33.854+02:00 DEBUG 10785 --- [crash2cost-api] [nio-8002-exec-7] o.s.security.web.FilterChainProxy        : Securing GET /error
2026-01-23T09:05:33.854+02:00 DEBUG 10785 --- [crash2cost-api] [nio-8002-exec-7] o.s.s.w.a.AnonymousAuthenticationFilter  : Set SecurityContextHolder to anonymous SecurityContext
2026-01-23T09:05:33.854+02:00 DEBUG 10785 --- [crash2cost-api] [nio-8002-exec-7] o.s.s.w.a.Http403ForbiddenEntryPoint     : Pre-authenticated entry point called. Rejecting access
2026-01-23T09:05:36.370+02:00 DEBUG 10785 --- [crash2cost-api] [nio-8002-exec-8] o.s.security.web.FilterChainProxy        : Securing GET /api/images/my-images
2026-01-23T09:05:36.371+02:00 DEBUG 10785 --- [crash2cost-api] [nio-8002-exec-8] o.s.s.w.a.AnonymousAuthenticationFilter  : Set SecurityContextHolder to anonymous SecurityContext
2026-01-23T09:05:36.371+02:00 DEBUG 10785 --- [crash2cost-api] [nio-8002-exec-8] o.s.s.w.a.Http403ForbiddenEntryPoint     : Pre-authenticated entry point called. Rejecting access
2026-01-23T09:05:36.371+02:00 DEBUG 10785 --- [crash2cost-api] [nio-8002-exec-8] o.s.security.web.FilterChainProxy        : Securing GET /error
2026-01-23T09:05:36.372+02:00 DEBUG 10785 --- [crash2cost-api] [nio-8002-exec-8] o.s.s.w.a.AnonymousAuthenticationFilter  : Set SecurityContextHolder to anonymous SecurityContext
2026-01-23T09:05:36.372+02:00 DEBUG 10785 --- [crash2cost-api] [nio-8002-exec-8] o.s.s.w.a.Http403ForbiddenEntryPoint     : Pre-authenticated entry point called. Rejecting access
2026-01-23T09:05:36.376+02:00 DEBUG 10785 --- [crash2cost-api] [nio-8002-exec-9] o.s.security.web.FilterChainProxy        : Securing GET /api/images/my-images
2026-01-23T09:05:36.376+02:00 DEBUG 10785 --- [crash2cost-api] [nio-8002-exec-9] o.s.s.w.a.AnonymousAuthenticationFilter  : Set SecurityContextHolder to anonymous SecurityContext
2026-01-23T09:05:36.376+02:00 DEBUG 10785 --- [crash2cost-api] [nio-8002-exec-9] o.s.s.w.a.Http403ForbiddenEntryPoint     : Pre-authenticated entry point called. Rejecting access
2026-01-23T09:05:36.377+02:00 DEBUG 10785 --- [crash2cost-api] [nio-8002-exec-9] o.s.security.web.FilterChainProxy        : Securing GET /error
2026-01-23T09:05:36.377+02:00 DEBUG 10785 --- [crash2cost-api] [nio-8002-exec-9] o.s.s.w.a.AnonymousAuthenticationFilter  : Set SecurityContextHolder to anonymous SecurityContext
2026-01-23T09:05:36.377+02:00 DEBUG 10785 --- [crash2cost-api] [nio-8002-exec-9] o.s.s.w.a.Http403ForbiddenEntryPoint     : Pre-authenticated entry point called. Rejecting access
2026-01-23T09:10:27.067+02:00  INFO 10785 --- [crash2cost-api] [ionShutdownHook] o.s.b.w.e.tomcat.GracefulShutdown        : Commencing graceful shutdown. Waiting for active requests to complete
2026-01-23T09:10:27.070+02:00  INFO 10785 --- [crash2cost-api] [tomcat-shutdown] o.s.b.w.e.tomcat.GracefulShutdown        : Graceful shutdown complete
[INFO] ------------------------------------------------------------------------
[INFO] BUILD FAILURE
[INFO] ------------------------------------------------------------------------
[INFO] Total time:  19:35 h
[INFO] Finished at: 2026-01-23T09:10:27+02:00
[INFO] ------------------------------------------------------------------------
[ERROR] Failed to execute goal org.springframework.boot:spring-boot-maven-plugin:3.5.9:run (default-cli) on project auth-service: Process terminated with exit code: 143 -> [Help 1]
[ERROR] 
[ERROR] To see the full stack trace of the errors, re-run Maven with the -e switch.
[ERROR] Re-run Maven using the -X switch to enable full debug logging.
[ERROR] 
[ERROR] For more information about the errors and possible solutions, please read the following articles:
[ERROR] [Help 1] http://cwiki.apache.org/confluence/display/MAVEN/MojoExecutionException
